Copyright 1986-2022 Xilinx, Inc. All Rights Reserved. Copyright 2022-2026 Advanced Micro Devices, Inc. All Rights Reserved.
---------------------------------------------------------------------------------------------------------------------------------------------
| Tool Version : Vivado v.2025.2.1 (win64) Build 6403652 Thu Mar 19 19:48:24 GMT 2026
| Date         : Thu Aug 20 10:43:20 2026
| Host         : LAPTOP-GFLFTQ3I running 64-bit major release  (build 9200)
| Command      : report_methodology -file D:/prg/prg_cam/docs/reports/ethernet_bringup/post_synth_methodology.rpt
| Design       : Camera_Ethernet_Top
| Device       : xc7a50ticsg324-1L
| Speed File   : -1L
| Design State : Synthesized
---------------------------------------------------------------------------------------------------------------------------------------------

Report Methodology

Table of Contents
-----------------
1. REPORT SUMMARY
2. REPORT DETAILS

1. REPORT SUMMARY
-----------------
            Netlist: Camera_Ethernet_Top
          Floorplan: design_1
      Design limits: <entire design considered>
             Max checks: <unlimited>
             Checks found: 45
+-----------+----------+--------------------------------------------+--------+
| Rule      | Severity | Description                                | Checks |
+-----------+----------+--------------------------------------------+--------+
| SYNTH-6   | Warning  | Timing of a RAM block might be sub-optimal | 5      |
| TIMING-15 | Warning  | Large hold violation                       | 14     |
| TIMING-18 | Warning  | Missing input or output delay              | 26     |
+-----------+----------+--------------------------------------------+--------+

2. REPORT DETAILS
-----------------
SYNTH-6#1 Warning
Timing of a RAM block might be sub-optimal  
The timing for the instance u_camera_pipeline/u_line_buffer_0/packet_mem_reg, implemented as a RAM block, might be sub-optimal as no output register was merged into the block.
Related violations: <none>

SYNTH-6#2 Warning
Timing of a RAM block might be sub-optimal  
The timing for the instance u_camera_pipeline/u_line_buffer_1/packet_mem_reg, implemented as a RAM block, might be sub-optimal as no output register was merged into the block.
Related violations: <none>

SYNTH-6#3 Warning
Timing of a RAM block might be sub-optimal  
The timing for the instance u_camera_pipeline/u_line_buffer_2/packet_mem_reg, implemented as a RAM block, might be sub-optimal as no output register was merged into the block.
Related violations: <none>

SYNTH-6#4 Warning
Timing of a RAM block might be sub-optimal  
The timing for the instance u_camera_pipeline/u_line_buffer_3/packet_mem_reg, implemented as a RAM block, might be sub-optimal as no output register was merged into the block.
Related violations: <none>

SYNTH-6#5 Warning
Timing of a RAM block might be sub-optimal  
The timing for the instance u_camera_pipeline/u_packet_fifo/mem_reg, implemented as a RAM block, might be sub-optimal as no output register was merged into the block.
Related violations: <none>

TIMING-15#1 Warning
Large hold violation  
There is a large clock skew of 2.085 ns between u_taxi_ethernet_subsystem/u_taxi_eth_mac_mii_fifo/tx_fifo/fifo_inst/wr_ptr_sync_commit_reg_reg[0]/C (clocked by sys_clk_pin) and u_taxi_ethernet_subsystem/u_taxi_eth_mac_mii_fifo/tx_fifo/fifo_inst/wr_ptr_commit_sync_reg_reg[0]/D (clocked by mii_tx_clk) that results in large hold timing violation(s) of -1.637 ns. Fixing large hold violations during routing might impact setup slack and result in more difficult timing closure
Related violations: <none>

TIMING-15#2 Warning
Large hold violation  
There is a large clock skew of 2.085 ns between u_taxi_ethernet_subsystem/u_taxi_eth_mac_mii_fifo/tx_fifo/fifo_inst/wr_ptr_sync_commit_reg_reg[10]/C (clocked by sys_clk_pin) and u_taxi_ethernet_subsystem/u_taxi_eth_mac_mii_fifo/tx_fifo/fifo_inst/wr_ptr_commit_sync_reg_reg[10]/D (clocked by mii_tx_clk) that results in large hold timing violation(s) of -1.637 ns. Fixing large hold violations during routing might impact setup slack and result in more difficult timing closure
Related violations: <none>

TIMING-15#3 Warning
Large hold violation  
There is a large clock skew of 2.085 ns between u_taxi_ethernet_subsystem/u_taxi_eth_mac_mii_fifo/tx_fifo/fifo_inst/wr_ptr_sync_commit_reg_reg[11]/C (clocked by sys_clk_pin) and u_taxi_ethernet_subsystem/u_taxi_eth_mac_mii_fifo/tx_fifo/fifo_inst/wr_ptr_commit_sync_reg_reg[11]/D (clocked by mii_tx_clk) that results in large hold timing violation(s) of -1.637 ns. Fixing large hold violations during routing might impact setup slack and result in more difficult timing closure
Related violations: <none>

TIMING-15#4 Warning
Large hold violation  
There is a large clock skew of 2.085 ns between u_taxi_ethernet_subsystem/u_taxi_eth_mac_mii_fifo/tx_fifo/fifo_inst/wr_ptr_sync_commit_reg_reg[12]/C (clocked by sys_clk_pin) and u_taxi_ethernet_subsystem/u_taxi_eth_mac_mii_fifo/tx_fifo/fifo_inst/wr_ptr_commit_sync_reg_reg[12]/D (clocked by mii_tx_clk) that results in large hold timing violation(s) of -1.637 ns. Fixing large hold violations during routing might impact setup slack and result in more difficult timing closure
Related violations: <none>

TIMING-15#5 Warning
Large hold violation  
There is a large clock skew of 2.085 ns between u_taxi_ethernet_subsystem/u_taxi_eth_mac_mii_fifo/tx_fifo/fifo_inst/wr_ptr_sync_commit_reg_reg[1]/C (clocked by sys_clk_pin) and u_taxi_ethernet_subsystem/u_taxi_eth_mac_mii_fifo/tx_fifo/fifo_inst/wr_ptr_commit_sync_reg_reg[1]/D (clocked by mii_tx_clk) that results in large hold timing violation(s) of -1.637 ns. Fixing large hold violations during routing might impact setup slack and result in more difficult timing closure
Related violations: <none>

TIMING-15#6 Warning
Large hold violation  
There is a large clock skew of 2.085 ns between u_taxi_ethernet_subsystem/u_taxi_eth_mac_mii_fifo/tx_fifo/fifo_inst/wr_ptr_sync_commit_reg_reg[2]/C (clocked by sys_clk_pin) and u_taxi_ethernet_subsystem/u_taxi_eth_mac_mii_fifo/tx_fifo/fifo_inst/wr_ptr_commit_sync_reg_reg[2]/D (clocked by mii_tx_clk) that results in large hold timing violation(s) of -1.637 ns. Fixing large hold violations during routing might impact setup slack and result in more difficult timing closure
Related violations: <none>

TIMING-15#7 Warning
Large hold violation  
There is a large clock skew of 2.085 ns between u_taxi_ethernet_subsystem/u_taxi_eth_mac_mii_fifo/tx_fifo/fifo_inst/wr_ptr_sync_commit_reg_reg[3]/C (clocked by sys_clk_pin) and u_taxi_ethernet_subsystem/u_taxi_eth_mac_mii_fifo/tx_fifo/fifo_inst/wr_ptr_commit_sync_reg_reg[3]/D (clocked by mii_tx_clk) that results in large hold timing violation(s) of -1.637 ns. Fixing large hold violations during routing might impact setup slack and result in more difficult timing closure
Related violations: <none>

TIMING-15#8 Warning
Large hold violation  
There is a large clock skew of 2.085 ns between u_taxi_ethernet_subsystem/u_taxi_eth_mac_mii_fifo/tx_fifo/fifo_inst/wr_ptr_sync_commit_reg_reg[4]/C (clocked by sys_clk_pin) and u_taxi_ethernet_subsystem/u_taxi_eth_mac_mii_fifo/tx_fifo/fifo_inst/wr_ptr_commit_sync_reg_reg[4]/D (clocked by mii_tx_clk) that results in large hold timing violation(s) of -1.637 ns. Fixing large hold violations during routing might impact setup slack and result in more difficult timing closure
Related violations: <none>

TIMING-15#9 Warning
Large hold violation  
There is a large clock skew of 2.085 ns between u_taxi_ethernet_subsystem/u_taxi_eth_mac_mii_fifo/tx_fifo/fifo_inst/wr_ptr_sync_commit_reg_reg[5]/C (clocked by sys_clk_pin) and u_taxi_ethernet_subsystem/u_taxi_eth_mac_mii_fifo/tx_fifo/fifo_inst/wr_ptr_commit_sync_reg_reg[5]/D (clocked by mii_tx_clk) that results in large hold timing violation(s) of -1.637 ns. Fixing large hold violations during routing might impact setup slack and result in more difficult timing closure
Related violations: <none>

TIMING-15#10 Warning
Large hold violation  
There is a large clock skew of 2.085 ns between u_taxi_ethernet_subsystem/u_taxi_eth_mac_mii_fifo/tx_fifo/fifo_inst/wr_ptr_sync_commit_reg_reg[6]/C (clocked by sys_clk_pin) and u_taxi_ethernet_subsystem/u_taxi_eth_mac_mii_fifo/tx_fifo/fifo_inst/wr_ptr_commit_sync_reg_reg[6]/D (clocked by mii_tx_clk) that results in large hold timing violation(s) of -1.637 ns. Fixing large hold violations during routing might impact setup slack and result in more difficult timing closure
Related violations: <none>

TIMING-15#11 Warning
Large hold violation  
There is a large clock skew of 2.085 ns between u_taxi_ethernet_subsystem/u_taxi_eth_mac_mii_fifo/tx_fifo/fifo_inst/wr_ptr_sync_commit_reg_reg[7]/C (clocked by sys_clk_pin) and u_taxi_ethernet_subsystem/u_taxi_eth_mac_mii_fifo/tx_fifo/fifo_inst/wr_ptr_commit_sync_reg_reg[7]/D (clocked by mii_tx_clk) that results in large hold timing violation(s) of -1.637 ns. Fixing large hold violations during routing might impact setup slack and result in more difficult timing closure
Related violations: <none>

TIMING-15#12 Warning
Large hold violation  
There is a large clock skew of 2.085 ns between u_taxi_ethernet_subsystem/u_taxi_eth_mac_mii_fifo/tx_fifo/fifo_inst/wr_ptr_sync_commit_reg_reg[8]/C (clocked by sys_clk_pin) and u_taxi_ethernet_subsystem/u_taxi_eth_mac_mii_fifo/tx_fifo/fifo_inst/wr_ptr_commit_sync_reg_reg[8]/D (clocked by mii_tx_clk) that results in large hold timing violation(s) of -1.637 ns. Fixing large hold violations during routing might impact setup slack and result in more difficult timing closure
Related violations: <none>

TIMING-15#13 Warning
Large hold violation  
There is a large clock skew of 2.085 ns between u_taxi_ethernet_subsystem/u_taxi_eth_mac_mii_fifo/tx_fifo/fifo_inst/wr_ptr_sync_commit_reg_reg[9]/C (clocked by sys_clk_pin) and u_taxi_ethernet_subsystem/u_taxi_eth_mac_mii_fifo/tx_fifo/fifo_inst/wr_ptr_commit_sync_reg_reg[9]/D (clocked by mii_tx_clk) that results in large hold timing violation(s) of -1.637 ns. Fixing large hold violations during routing might impact setup slack and result in more difficult timing closure
Related violations: <none>

TIMING-15#14 Warning
Large hold violation  
There is a large clock skew of 2.085 ns between u_taxi_ethernet_subsystem/u_taxi_eth_mac_mii_fifo/tx_fifo/fifo_inst/wr_ptr_update_reg_reg/C (clocked by sys_clk_pin) and u_taxi_ethernet_subsystem/u_taxi_eth_mac_mii_fifo/tx_fifo/fifo_inst/wr_ptr_update_sync1_reg_reg/D (clocked by mii_tx_clk) that results in large hold timing violation(s) of -1.610 ns. Fixing large hold violations during routing might impact setup slack and result in more difficult timing closure
Related violations: <none>

TIMING-18#1 Warning
Missing input or output delay  
An input delay is missing on CAMERA_CAPTURE_ENABLE relative to the rising and/or falling clock edge(s) of sys_clk_pin.
Related violations: <none>

TIMING-18#2 Warning
Missing input or output delay  
An input delay is missing on CPU_RESETN relative to the rising and/or falling clock edge(s) of sys_clk_pin.
Related violations: <none>

TIMING-18#3 Warning
Missing input or output delay  
An input delay is missing on GPIO[0] relative to the rising and/or falling clock edge(s) of sys_clk_pin.
Related violations: <none>

TIMING-18#4 Warning
Missing input or output delay  
An input delay is missing on GPIO[1] relative to the rising and/or falling clock edge(s) of sys_clk_pin.
Related violations: <none>

TIMING-18#5 Warning
Missing input or output delay  
An input delay is missing on GPIO[2] relative to the rising and/or falling clock edge(s) of sys_clk_pin.
Related violations: <none>

TIMING-18#6 Warning
Missing input or output delay  
An input delay is missing on GPIO[3] relative to the rising and/or falling clock edge(s) of sys_clk_pin.
Related violations: <none>

TIMING-18#7 Warning
Missing input or output delay  
An input delay is missing on GPIO[4] relative to the rising and/or falling clock edge(s) of sys_clk_pin.
Related violations: <none>

TIMING-18#8 Warning
Missing input or output delay  
An input delay is missing on GPIO[5] relative to the rising and/or falling clock edge(s) of sys_clk_pin.
Related violations: <none>

TIMING-18#9 Warning
Missing input or output delay  
An input delay is missing on GPIO[6] relative to the rising and/or falling clock edge(s) of sys_clk_pin.
Related violations: <none>

TIMING-18#10 Warning
Missing input or output delay  
An input delay is missing on GPIO[7] relative to the rising and/or falling clock edge(s) of sys_clk_pin.
Related violations: <none>

TIMING-18#11 Warning
Missing input or output delay  
An input delay is missing on GPIO[8] relative to the rising and/or falling clock edge(s) of sys_clk_pin.
Related violations: <none>

TIMING-18#12 Warning
Missing input or output delay  
An input delay is missing on GPIO[9] relative to the rising and/or falling clock edge(s) of sys_clk_pin.
Related violations: <none>

TIMING-18#13 Warning
Missing input or output delay  
An input delay is missing on GPIO_CAM1[0] relative to the rising and/or falling clock edge(s) of sys_clk_pin.
Related violations: <none>

TIMING-18#14 Warning
Missing input or output delay  
An input delay is missing on GPIO_CAM1[1] relative to the rising and/or falling clock edge(s) of sys_clk_pin.
Related violations: <none>

TIMING-18#15 Warning
Missing input or output delay  
An input delay is missing on GPIO_CAM1[2] relative to the rising and/or falling clock edge(s) of sys_clk_pin.
Related violations: <none>

TIMING-18#16 Warning
Missing input or output delay  
An input delay is missing on GPIO_CAM1[3] relative to the rising and/or falling clock edge(s) of sys_clk_pin.
Related violations: <none>

TIMING-18#17 Warning
Missing input or output delay  
An input delay is missing on GPIO_CAM1[4] relative to the rising and/or falling clock edge(s) of sys_clk_pin.
Related violations: <none>

TIMING-18#18 Warning
Missing input or output delay  
An input delay is missing on GPIO_CAM1[5] relative to the rising and/or falling clock edge(s) of sys_clk_pin.
Related violations: <none>

TIMING-18#19 Warning
Missing input or output delay  
An input delay is missing on GPIO_CAM1[6] relative to the rising and/or falling clock edge(s) of sys_clk_pin.
Related violations: <none>

TIMING-18#20 Warning
Missing input or output delay  
An input delay is missing on GPIO_CAM1[7] relative to the rising and/or falling clock edge(s) of sys_clk_pin.
Related violations: <none>

TIMING-18#21 Warning
Missing input or output delay  
An input delay is missing on GPIO_CAM1[8] relative to the rising and/or falling clock edge(s) of sys_clk_pin.
Related violations: <none>

TIMING-18#22 Warning
Missing input or output delay  
An input delay is missing on GPIO_CAM1[9] relative to the rising and/or falling clock edge(s) of sys_clk_pin.
Related violations: <none>

TIMING-18#23 Warning
Missing input or output delay  
An output delay is missing on ETH_RSTN relative to the rising and/or falling clock edge(s) of sys_clk_pin.
Related violations: <none>

TIMING-18#24 Warning
Missing input or output delay  
An output delay is missing on ETH_TXD[0] relative to the rising and/or falling clock edge(s) of eth_refclk_out.
Related violations: <none>

TIMING-18#25 Warning
Missing input or output delay  
An output delay is missing on ETH_TXD[1] relative to the rising and/or falling clock edge(s) of eth_refclk_out.
Related violations: <none>

TIMING-18#26 Warning
Missing input or output delay  
An output delay is missing on ETH_TXEN relative to the rising and/or falling clock edge(s) of eth_refclk_out.
Related violations: <none>


