Source compile order for 'synthesis' with fileset 'sources_1' in source management mode 'All':
Index  File Name                        Used_In      File_Type  Library         Ngc Wrapper  Full Path Name
-----  -------------------------------  -----------  ---------  --------------  -----------  ----------------------------------------------------------------------------------------------
1      ethernet_clk_wiz.dcp             Synth        DCP        xil_defaultlib               d:/prg/prg_cam/prg_cam.gen/sources_1/ip/ethernet_clk_wiz/ethernet_clk_wiz.dcp
2      Alarmer.v                        Synth & Sim  Verilog    xil_defaultlib  No           D:/prg/prg_cam/prg_cam.srcs/sources_1/new/Alarmer.v
3      Arbitration.v                    Synth & Sim  Verilog    xil_defaultlib  No           D:/prg/prg_cam/prg_cam.srcs/sources_1/new/Arbitration.v
4      Byte_FIFO.v                      Synth & Sim  Verilog    xil_defaultlib  No           D:/prg/prg_cam/prg_cam.srcs/sources_1/new/Byte_FIFO.v
5      Byte_Replacer.v                  Synth & Sim  Verilog    xil_defaultlib  No           D:/prg/prg_cam/prg_cam.srcs/sources_1/new/Byte_Replacer.v
6      Camera_Capture.v                 Synth & Sim  Verilog    xil_defaultlib  No           D:/prg/prg_cam/prg_cam.srcs/sources_1/new/Camera_Capture.v
7      Camera_Pipeline.v                Synth & Sim  Verilog    xil_defaultlib  No           D:/prg/prg_cam/prg_cam.srcs/sources_1/new/Camera_Pipeline.v
8      Line_Buffer.v                    Synth & Sim  Verilog    xil_defaultlib  No           D:/prg/prg_cam/prg_cam.srcs/sources_1/new/Line_Buffer.v
9      rmii_phy_if.v                    Synth & Sim  Verilog    xil_defaultlib  No           D:/prg/prg_cam/prg_cam.srcs/sources_1/lib/FPGA-RMII-SMII-main/RTL/rmii_phy_if.v
10     Ethernet_Frame_Adapter.sv        Synth & Sim  SVerilog   xil_defaultlib  No           D:/prg/prg_cam/prg_cam.srcs/sources_1/new/Ethernet_Frame_Adapter.sv
11     Ethernet_Mii_Rmii_Bridge.sv      Synth & Sim  SVerilog   xil_defaultlib  No           D:/prg/prg_cam/prg_cam.srcs/sources_1/new/Ethernet_Mii_Rmii_Bridge.sv
12     Fixed_Packet_Generator.sv        Synth & Sim  SVerilog   xil_defaultlib  No           D:/prg/prg_cam/prg_cam.srcs/sources_1/new/Fixed_Packet_Generator.sv
13     Taxi_Ethernet_Subsystem.sv       Synth & Sim  SVerilog   xil_defaultlib  No           D:/prg/prg_cam/prg_cam.srcs/sources_1/new/Taxi_Ethernet_Subsystem.sv
14     taxi_arbiter.sv                  Synth & Sim  SVerilog   xil_defaultlib  No           D:/prg/prg_cam/prg_cam.srcs/sources_1/lib/taxi-master/prim/rtl/taxi_arbiter.sv
15     taxi_axis_adapter.sv             Synth & Sim  SVerilog   xil_defaultlib  No           D:/prg/prg_cam/prg_cam.srcs/sources_1/lib/taxi-master/axis/rtl/taxi_axis_adapter.sv
16     taxi_axis_arb_mux.sv             Synth & Sim  SVerilog   xil_defaultlib  No           D:/prg/prg_cam/prg_cam.srcs/sources_1/lib/taxi-master/axis/rtl/taxi_axis_arb_mux.sv
17     taxi_axis_async_fifo.sv          Synth & Sim  SVerilog   xil_defaultlib  No           D:/prg/prg_cam/prg_cam.srcs/sources_1/lib/taxi-master/axis/rtl/taxi_axis_async_fifo.sv
18     taxi_axis_async_fifo_adapter.sv  Synth & Sim  SVerilog   xil_defaultlib  No           D:/prg/prg_cam/prg_cam.srcs/sources_1/lib/taxi-master/axis/rtl/taxi_axis_async_fifo_adapter.sv
19     taxi_axis_gmii_rx.sv             Synth & Sim  SVerilog   xil_defaultlib  No           D:/prg/prg_cam/prg_cam.srcs/sources_1/lib/taxi-master/eth/rtl/taxi_axis_gmii_rx.sv
20     taxi_axis_gmii_tx.sv             Synth & Sim  SVerilog   xil_defaultlib  No           D:/prg/prg_cam/prg_cam.srcs/sources_1/lib/taxi-master/eth/rtl/taxi_axis_gmii_tx.sv
21     taxi_axis_if.sv                  Synth & Sim  SVerilog   xil_defaultlib  No           D:/prg/prg_cam/prg_cam.srcs/sources_1/lib/taxi-master/axis/rtl/taxi_axis_if.sv
22     taxi_axis_null_src.sv            Synth & Sim  SVerilog   xil_defaultlib  No           D:/prg/prg_cam/prg_cam.srcs/sources_1/lib/taxi-master/axis/rtl/taxi_axis_null_src.sv
23     taxi_axis_pad.sv                 Synth & Sim  SVerilog   xil_defaultlib  No           D:/prg/prg_cam/prg_cam.srcs/sources_1/lib/taxi-master/axis/rtl/taxi_axis_pad.sv
24     taxi_axis_tie.sv                 Synth & Sim  SVerilog   xil_defaultlib  No           D:/prg/prg_cam/prg_cam.srcs/sources_1/lib/taxi-master/axis/rtl/taxi_axis_tie.sv
25     taxi_eth_mac_1g.sv               Synth & Sim  SVerilog   xil_defaultlib  No           D:/prg/prg_cam/prg_cam.srcs/sources_1/lib/taxi-master/eth/rtl/taxi_eth_mac_1g.sv
26     taxi_eth_mac_mii.sv              Synth & Sim  SVerilog   xil_defaultlib  No           D:/prg/prg_cam/prg_cam.srcs/sources_1/lib/taxi-master/eth/rtl/taxi_eth_mac_mii.sv
27     taxi_eth_mac_mii_fifo.sv         Synth & Sim  SVerilog   xil_defaultlib  No           D:/prg/prg_cam/prg_cam.srcs/sources_1/lib/taxi-master/eth/rtl/taxi_eth_mac_mii_fifo.sv
28     taxi_eth_mac_stats.sv            Synth & Sim  SVerilog   xil_defaultlib  No           D:/prg/prg_cam/prg_cam.srcs/sources_1/lib/taxi-master/eth/rtl/taxi_eth_mac_stats.sv
29     taxi_lfsr.sv                     Synth & Sim  SVerilog   xil_defaultlib  No           D:/prg/prg_cam/prg_cam.srcs/sources_1/lib/taxi-master/lfsr/rtl/taxi_lfsr.sv
30     taxi_mac_ctrl_rx.sv              Synth & Sim  SVerilog   xil_defaultlib  No           D:/prg/prg_cam/prg_cam.srcs/sources_1/lib/taxi-master/eth/rtl/taxi_mac_ctrl_rx.sv
31     taxi_mac_ctrl_tx.sv              Synth & Sim  SVerilog   xil_defaultlib  No           D:/prg/prg_cam/prg_cam.srcs/sources_1/lib/taxi-master/eth/rtl/taxi_mac_ctrl_tx.sv
32     taxi_mac_pause_ctrl_rx.sv        Synth & Sim  SVerilog   xil_defaultlib  No           D:/prg/prg_cam/prg_cam.srcs/sources_1/lib/taxi-master/eth/rtl/taxi_mac_pause_ctrl_rx.sv
33     taxi_mac_pause_ctrl_tx.sv        Synth & Sim  SVerilog   xil_defaultlib  No           D:/prg/prg_cam/prg_cam.srcs/sources_1/lib/taxi-master/eth/rtl/taxi_mac_pause_ctrl_tx.sv
34     taxi_mii_phy_if.sv               Synth & Sim  SVerilog   xil_defaultlib  No           D:/prg/prg_cam/prg_cam.srcs/sources_1/lib/taxi-master/eth/rtl/taxi_mii_phy_if.sv
35     taxi_penc.sv                     Synth & Sim  SVerilog   xil_defaultlib  No           D:/prg/prg_cam/prg_cam.srcs/sources_1/lib/taxi-master/prim/rtl/taxi_penc.sv
36     taxi_ssio_sdr_in.sv              Synth & Sim  SVerilog   xil_defaultlib  No           D:/prg/prg_cam/prg_cam.srcs/sources_1/lib/taxi-master/io/rtl/taxi_ssio_sdr_in.sv
37     taxi_stats_collect.sv            Synth & Sim  SVerilog   xil_defaultlib  No           D:/prg/prg_cam/prg_cam.srcs/sources_1/lib/taxi-master/stats/rtl/taxi_stats_collect.sv
38     taxi_sync_reset.sv               Synth & Sim  SVerilog   xil_defaultlib  No           D:/prg/prg_cam/prg_cam.srcs/sources_1/lib/taxi-master/sync/rtl/taxi_sync_reset.sv
39     taxi_sync_signal.sv              Synth & Sim  SVerilog   xil_defaultlib  No           D:/prg/prg_cam/prg_cam.srcs/sources_1/lib/taxi-master/sync/rtl/taxi_sync_signal.sv
40     Camera_Ethernet_Top.sv           Synth & Sim  SVerilog   xil_defaultlib  No           D:/prg/prg_cam/prg_cam.srcs/sources_1/new/Camera_Ethernet_Top.sv


Missing instances for 'synthesis' with fileset 'sources_1':
Index  Instance Path  File Path  Line
-----  -------------  ---------  ----
< empty >


